******************************************************************************
                  TI ARM Linker PC v16.9.6                     
******************************************************************************
>> Linked Sun Jun 17 19:35:00 2018

OUTPUT FILE NAME:   <interrupts_test.out>
ENTRY POINT SYMBOL: "_c_int00"  address: 00000ce9


MEMORY CONFIGURATION

         name            origin    length      used     unused   attr    fill
----------------------  --------  ---------  --------  --------  ----  --------
  FLASH                 00000000   00100000  0000129e  000fed62  R  X
  SRAM                  20000000   00040000  00000234  0003fdcc  RW X


SEGMENT ALLOCATION MAP

run origin  load origin   length   init length attrs members
----------  ----------- ---------- ----------- ----- -------
00000000    00000000    000012a0   000012a0    r-x
  00000000    00000000    00000200   00000200    r-- .intvecs
  00000200    00000200    00000dfa   00000dfa    r-x .text
  00000ffc    00000ffc    0000026c   0000026c    r-- .const
  00001268    00001268    00000038   00000038    r-- .cinit
20000000    20000000    00000234   00000000    rw-
  20000000    20000000    00000200   00000000    rw- .stack
  20000200    20000200    00000020   00000000    rw- .data
  20000220    20000220    00000014   00000000    rw- .bss


SECTION ALLOCATION MAP

 output                                  attributes/
section   page    origin      length       input sections
--------  ----  ----------  ----------   ----------------
.intvecs   0    00000000    00000200     
                  00000000    00000200     startup_ccs.obj (.intvecs)

.text      0    00000200    00000dfa     
                  00000200    00000200     driverlib.lib : sysctl.obj (.text:SysCtlClockFreqSet)
                  00000400    000001ea     uartstdio.obj (.text:UARTvprintf)
                  000005ea    00000002     startup_ccs.obj (.text:FaultISR)
                  000005ec    00000170     interrupts.obj (.text:main)
                  0000075c    00000132     driverlib.lib : gpio.obj (.text:GPIOPadConfigSet)
                  0000088e    00000002     startup_ccs.obj (.text:IntDefaultHandler)
                  00000890    000000f4     interrupts.obj (.text:UARTIntHandler)
                  00000984    0000009c     rtsv7M4_T_le_v4SPD16_eabi.lib : memcpy_t2.obj (.text)
                  00000a20    00000094     interrupts.obj (.text:ConfigureUART)
                  00000ab4    00000080     interrupts.obj (.text:DisplayIntStatus)
                  00000b34    0000007a     rtsv7M4_T_le_v4SPD16_eabi.lib : memset_t2.obj (.text)
                  00000bae    00000002     startup_ccs.obj (.text:NmiSR)
                  00000bb0    00000070     rtsv7M4_T_le_v4SPD16_eabi.lib : autoinit.obj (.text)
                  00000c20    00000068                                   : copy_decompress_lzss.obj (.text:decompress:lzss)
                  00000c88    00000060     uartstdio.obj (.text:UARTStdioConfig)
                  00000ce8    00000054     rtsv7M4_T_le_v4SPD16_eabi.lib : boot.obj (.text)
                  00000d3c    00000054                                   : exit.obj (.text)
                  00000d90    0000004c                                   : cpy_tbl.obj (.text)
                  00000ddc    00000048     uartstdio.obj (.text:UARTwrite)
                  00000e24    00000048     driverlib.lib : sysctl.obj (.text:_SysCtlFrequencyGet)
                  00000e6c    00000040     rtsv7M4_T_le_v4SPD16_eabi.lib : u_divt2.obj (.text)
                  00000eac    00000030     interrupts.obj (.text:Delay)
                  00000edc    0000002a     driverlib.lib : gpio.obj (.text:GPIODirModeSet)
                  00000f06    00000002     rtsv7M4_T_le_v4SPD16_eabi.lib : i_div0.obj (.text)
                  00000f08    00000020     driverlib.lib : sysctl.obj (.text:_SysCtlMemTimingGet)
                  00000f28    0000001a     uartstdio.obj (.text:UARTprintf)
                  00000f42    00000018     driverlib.lib : gpio.obj (.text:GPIOPinTypeGPIOOutput)
                  00000f5a    00000002     rtsv7M4_T_le_v4SPD16_eabi.lib : mpu_init.obj (.text)
                  00000f5c    00000018                                   : args_main.obj (.text)
                  00000f74    00000014                                   : _lock.obj (.text)
                  00000f88    0000000e     interrupts.obj (.text:IntGPIOc)
                  00000f96    0000000e     driverlib.lib : uart.obj (.text:UARTCharGetNonBlocking)
                  00000fa4    0000000e                   : uart.obj (.text:UARTCharPutNonBlocking)
                  00000fb2    0000000e                   : uart.obj (.text:UARTCharsAvail)
                  00000fc0    0000000e     rtsv7M4_T_le_v4SPD16_eabi.lib : copy_decompress_none.obj (.text:decompress:none)
                  00000fce    0000000c                                   : copy_zero_init.obj (.text:decompress:ZI)
                  00000fda    0000000a     driverlib.lib : uart.obj (.text:UARTIntStatus)
                  00000fe4    00000006                   : gpio.obj (.text:GPIOPinWrite)
                  00000fea    00000006     startup_ccs.obj (.text:ResetISR)
                  00000ff0    00000004     driverlib.lib : uart.obj (.text:UARTIntClear)
                  00000ff4    00000004     rtsv7M4_T_le_v4SPD16_eabi.lib : pre_init.obj (.text)
                  00000ff8    00000002                                   : startup.obj (.text)

.const     0    00000ffc    0000026c     
                  00000ffc    000001b0     driverlib.lib : sysctl.obj (.const:g_pppui32XTALtoVCO)
                  000011ac    0000006c                   : sysctl.obj (.const:g_pui32Xtals)
                  00001218    00000030                   : sysctl.obj (.const:g_sXTALtoMEMTIM)
                  00001248    0000000c     uartstdio.obj (.const:g_ui32UARTBase)
                  00001254    0000000c     uartstdio.obj (.const:g_ui32UARTPeriph)
                  00001260    00000008     driverlib.lib : sysctl.obj (.const)

.cinit     0    00001268    00000038     
                  00001268    00000011     (.cinit..data.load) [load image, compression = lzss]
                  00001279    00000003     --HOLE-- [fill = 0]
                  0000127c    0000000c     (__TI_handler_table)
                  00001288    00000008     (.cinit..bss.load) [load image, compression = zero_init]
                  00001290    00000010     (__TI_cinit_table)

.init_array 
*          0    00000000    00000000     UNINITIALIZED

.stack     0    20000000    00000200     UNINITIALIZED
                  20000000    00000200     --HOLE--

.data      0    20000200    00000020     UNINITIALIZED
                  20000200    0000000c     rtsv7M4_T_le_v4SPD16_eabi.lib : exit.obj (.data:$O1$$)
                  2000020c    00000008                                   : _lock.obj (.data:$O1$$)
                  20000214    00000005     uartstdio.obj (.data)
                  20000219    00000003     --HOLE--
                  2000021c    00000004     rtsv7M4_T_le_v4SPD16_eabi.lib : stkdepth_vars.obj (.data)

.bss       0    20000220    00000014     UNINITIALIZED
                  20000220    00000004     (.common:g_ui32GPIOa)
                  20000224    00000004     (.common:g_ui32GPIOb)
                  20000228    00000004     (.common:g_ui32GPIOc)
                  2000022c    00000004     (.common:g_ui32IntMode)
                  20000230    00000004     (.common:g_ui32SysClock)

MODULE SUMMARY

       Module                     code   ro data   rw data
       ------                     ----   -------   -------
    .\
       interrupts.obj             950    0         20     
       startup_ccs.obj            12     512       0      
    +--+--------------------------+------+---------+---------+
       Total:                     962    512       20     
                                                          
    .\utils\
       uartstdio.obj              684    24        5      
    +--+--------------------------+------+---------+---------+
       Total:                     684    24        5      
                                                          
    D:/Ti/TivaWare_C_Series-2.1.4.178/driverlib/ccs/Debug/driverlib.lib
       sysctl.obj                 616    596       0      
       gpio.obj                   378    0         0      
       uart.obj                   56     0         0      
    +--+--------------------------+------+---------+---------+
       Total:                     1050   596       0      
                                                          
    D:\Ti\CCS\ccsv7\tools\compiler\ti-cgt-arm_16.9.6.LTS\lib\rtsv7M4_T_le_v4SPD16_eabi.lib
       memcpy_t2.obj              156    0         0      
       memset_t2.obj              122    0         0      
       autoinit.obj               112    0         0      
       copy_decompress_lzss.obj   104    0         0      
       exit.obj                   84     0         12     
       boot.obj                   84     0         0      
       cpy_tbl.obj                76     0         0      
       u_divt2.obj                64     0         0      
       _lock.obj                  20     0         8      
       args_main.obj              24     0         0      
       copy_decompress_none.obj   14     0         0      
       copy_zero_init.obj         12     0         0      
       pre_init.obj               4      0         0      
       stkdepth_vars.obj          0      0         4      
       i_div0.obj                 2      0         0      
       mpu_init.obj               2      0         0      
       startup.obj                2      0         0      
    +--+--------------------------+------+---------+---------+
       Total:                     882    0         24     
                                                          
       Stack:                     0      0         512    
       Linker Generated:          0      53        0      
    +--+--------------------------+------+---------+---------+
       Grand Total:               3578   1185      561    


LINKER GENERATED COPY TABLES

__TI_cinit_table @ 00001290 records: 2, size/record: 8, table size: 16
	.data: load addr=00001268, load size=00000011 bytes, run addr=20000200, run size=00000020 bytes, compression=lzss
	.bss: load addr=00001288, load size=00000008 bytes, run addr=20000220, run size=00000014 bytes, compression=zero_init


LINKER GENERATED HANDLER TABLE

__TI_handler_table @ 0000127c records: 3, size/record: 4, table size: 12
	index: 0, handler: __TI_decompress_lzss
	index: 1, handler: __TI_decompress_none
	index: 2, handler: __TI_zero_init


GLOBAL SYMBOLS: SORTED ALPHABETICALLY BY Name 

address   name                           
-------   ----                           
00000d3d  C$$EXIT                        
00000a21  ConfigureUART                  
00000ead  Delay                          
00000ab5  DisplayIntStatus               
00000edd  GPIODirModeSet                 
0000075d  GPIOPadConfigSet               
00000f43  GPIOPinTypeGPIOOutput          
00000fe5  GPIOPinWrite                   
00000f89  IntGPIOc                       
00000feb  ResetISR                       
UNDEFED   SHT$$INIT_ARRAY$$Base          
UNDEFED   SHT$$INIT_ARRAY$$Limit         
00000201  SysCtlClockFreqSet             
00000f97  UARTCharGetNonBlocking         
00000fa5  UARTCharPutNonBlocking         
00000fb3  UARTCharsAvail                 
00000ff1  UARTIntClear                   
00000891  UARTIntHandler                 
00000fdb  UARTIntStatus                  
00000c89  UARTStdioConfig                
00000f29  UARTprintf                     
00000401  UARTvprintf                    
00000ddd  UARTwrite                      
20000200  __STACK_END                    
00000200  __STACK_SIZE                   
20000200  __STACK_TOP                    
00001290  __TI_CINIT_Base                
000012a0  __TI_CINIT_Limit               
0000127c  __TI_Handler_Table_Base        
00001288  __TI_Handler_Table_Limit       
00000bb1  __TI_auto_init                 
20000200  __TI_cleanup_ptr               
00000c21  __TI_decompress_lzss           
00000fc1  __TI_decompress_none           
20000204  __TI_dtors_ptr                 
20000208  __TI_enable_exit_profile_output
ffffffff  __TI_pprof_out_hndl            
ffffffff  __TI_prof_data_size            
ffffffff  __TI_prof_data_start           
00000000  __TI_static_base__             
00000fcf  __TI_zero_init                 
00000f07  __aeabi_idiv0                  
00000b35  __aeabi_memclr                 
00000b35  __aeabi_memclr4                
00000b35  __aeabi_memclr8                
00000985  __aeabi_memcpy                 
00000985  __aeabi_memcpy4                
00000985  __aeabi_memcpy8                
00000b37  __aeabi_memset                 
00000b37  __aeabi_memset4                
00000b37  __aeabi_memset8                
00000e6d  __aeabi_uidiv                  
00000e6d  __aeabi_uidivmod               
ffffffff  __binit__                      
ffffffff  __c_args__                     
00000f5b  __mpu_init                     
20000000  __stack                        
00000f5d  _args_main                     
00000ce9  _c_int00                       
2000020c  _lock                          
00000f83  _nop                           
00000f7b  _register_lock                 
00000f75  _register_unlock               
00000ff9  _system_post_cinit             
00000ff5  _system_pre_init               
20000210  _unlock                        
00000d41  abort                          
ffffffff  binit                          
00000d91  copy_in                        
00000d49  exit                           
00000000  g_pfnVectors                   
20000220  g_ui32GPIOa                    
20000224  g_ui32GPIOb                    
20000228  g_ui32GPIOc                    
2000022c  g_ui32IntMode                  
20000230  g_ui32SysClock                 
000005ed  main                           
2000021c  main_func_sp                   
00000985  memcpy                         
00000b3d  memset                         


GLOBAL SYMBOLS: SORTED BY Symbol Address 

address   name                           
-------   ----                           
00000000  __TI_static_base__             
00000000  g_pfnVectors                   
00000200  __STACK_SIZE                   
00000201  SysCtlClockFreqSet             
00000401  UARTvprintf                    
000005ed  main                           
0000075d  GPIOPadConfigSet               
00000891  UARTIntHandler                 
00000985  __aeabi_memcpy                 
00000985  __aeabi_memcpy4                
00000985  __aeabi_memcpy8                
00000985  memcpy                         
00000a21  ConfigureUART                  
00000ab5  DisplayIntStatus               
00000b35  __aeabi_memclr                 
00000b35  __aeabi_memclr4                
00000b35  __aeabi_memclr8                
00000b37  __aeabi_memset                 
00000b37  __aeabi_memset4                
00000b37  __aeabi_memset8                
00000b3d  memset                         
00000bb1  __TI_auto_init                 
00000c21  __TI_decompress_lzss           
00000c89  UARTStdioConfig                
00000ce9  _c_int00                       
00000d3d  C$$EXIT                        
00000d41  abort                          
00000d49  exit                           
00000d91  copy_in                        
00000ddd  UARTwrite                      
00000e6d  __aeabi_uidiv                  
00000e6d  __aeabi_uidivmod               
00000ead  Delay                          
00000edd  GPIODirModeSet                 
00000f07  __aeabi_idiv0                  
00000f29  UARTprintf                     
00000f43  GPIOPinTypeGPIOOutput          
00000f5b  __mpu_init                     
00000f5d  _args_main                     
00000f75  _register_unlock               
00000f7b  _register_lock                 
00000f83  _nop                           
00000f89  IntGPIOc                       
00000f97  UARTCharGetNonBlocking         
00000fa5  UARTCharPutNonBlocking         
00000fb3  UARTCharsAvail                 
00000fc1  __TI_decompress_none           
00000fcf  __TI_zero_init                 
00000fdb  UARTIntStatus                  
00000fe5  GPIOPinWrite                   
00000feb  ResetISR                       
00000ff1  UARTIntClear                   
00000ff5  _system_pre_init               
00000ff9  _system_post_cinit             
0000127c  __TI_Handler_Table_Base        
00001288  __TI_Handler_Table_Limit       
00001290  __TI_CINIT_Base                
000012a0  __TI_CINIT_Limit               
20000000  __stack                        
20000200  __STACK_END                    
20000200  __STACK_TOP                    
20000200  __TI_cleanup_ptr               
20000204  __TI_dtors_ptr                 
20000208  __TI_enable_exit_profile_output
2000020c  _lock                          
20000210  _unlock                        
2000021c  main_func_sp                   
20000220  g_ui32GPIOa                    
20000224  g_ui32GPIOb                    
20000228  g_ui32GPIOc                    
2000022c  g_ui32IntMode                  
20000230  g_ui32SysClock                 
ffffffff  __TI_pprof_out_hndl            
ffffffff  __TI_prof_data_size            
ffffffff  __TI_prof_data_start           
ffffffff  __binit__                      
ffffffff  __c_args__                     
ffffffff  binit                          
UNDEFED   SHT$$INIT_ARRAY$$Base          
UNDEFED   SHT$$INIT_ARRAY$$Limit         

[80 symbols]
